mode: set
router-schema/lib/router.go:38.26,55.37 4 1
router-schema/lib/router.go:55.37,61.3 2 1
router-schema/lib/router.go:63.2,65.3 1 1
router-schema/lib/router.go:68.46,71.2 2 0
router-schema/lib/router.go:72.45,75.2 2 0
router-schema/lib/router.go:76.42,79.2 2 1
router-schema/lib/router.go:80.43,83.2 2 0
router-schema/lib/router.go:84.46,87.2 2 0
router-schema/lib/router.go:88.44,91.2 2 0
router-schema/lib/router.go:92.43,95.2 2 0
router-schema/lib/router.go:96.42,99.2 2 0
router-schema/lib/router.go:100.44,103.2 2 0
router-schema/lib/router.go:105.51,110.18 4 1
router-schema/lib/router.go:110.18,115.3 1 1
router-schema/lib/router.go:115.8,116.54 1 1
router-schema/lib/router.go:116.54,121.4 1 1
router-schema/lib/router.go:123.3,126.5 1 1
router-schema/lib/router.go:130.65,137.49 5 1
router-schema/lib/router.go:137.49,138.19 1 0
router-schema/lib/router.go:138.19,140.4 1 0
router-schema/lib/router.go:140.9,144.4 1 0
router-schema/lib/router.go:145.8,147.3 1 1
router-schema/lib/router.go:149.2,149.21 1 0
router-schema/lib/router.go:38.26,55.37 4 0
router-schema/lib/router.go:55.37,61.3 2 0
router-schema/lib/router.go:63.2,65.3 1 0
router-schema/lib/router.go:68.46,71.2 2 0
router-schema/lib/router.go:72.45,75.2 2 0
router-schema/lib/router.go:76.42,79.2 2 0
router-schema/lib/router.go:80.43,83.2 2 0
router-schema/lib/router.go:84.46,87.2 2 0
router-schema/lib/router.go:88.44,91.2 2 0
router-schema/lib/router.go:92.43,95.2 2 0
router-schema/lib/router.go:96.42,99.2 2 0
router-schema/lib/router.go:100.44,103.2 2 0
router-schema/lib/router.go:105.51,110.18 4 0
router-schema/lib/router.go:110.18,115.3 1 0
router-schema/lib/router.go:115.8,116.54 1 0
router-schema/lib/router.go:116.54,121.4 1 0
router-schema/lib/router.go:123.3,126.5 1 0
router-schema/lib/router.go:130.65,137.49 5 0
router-schema/lib/router.go:137.49,138.19 1 0
router-schema/lib/router.go:138.19,140.4 1 0
router-schema/lib/router.go:140.9,144.4 1 0
router-schema/lib/router.go:145.8,147.3 1 0
router-schema/lib/router.go:149.2,149.21 1 0
